// Jest Snapshot v1, https://goo.gl/fbAQLP

exports[`state migration update-1.4.7 should keep rx-angular/state 1`] = `
"import { RxState } from '@rx-angular/state';

import { Injectable } from '@angular/core';
import { map } from 'rxjs';

@Injectable({
  providedIn: 'root',
})
export class AuthStateService extends RxState<AuthState> {}
"
`;

exports[`state migration update-1.4.7 should replace cdk/state 1`] = `
"import {
  createSideEffectObservable,
  createAccumulationObservable,
  select,
  stateful,
  distinctUntilSomeChanged,
  selectSlice,
  KeyCompareMap,
  CompareFn,
  PickSlice,
} from '@rx-angular/state/selections';
import { RxState } from '@rx-angular/state';

import { NgModule } from '@angular/core';
import { BrowserModule } from '@angular/platform-browser';
import { AppComponent } from './app.component';

@NgModule({
  declarations: [AppComponent],
  imports: [BrowserModule],
  providers: [RxState],
  bootstrap: [AppComponent],
})
export class AppModule {}
"
`;

exports[`state migration update-1.4.7 should replace cdk/transformations 1`] = `
"import { RxState } from '@rx-angular/state';
import {
  insert,
  remove,
  toDictionary,
  update,
  extract,
  upsert,
  setProp,
  patch,
  deleteProp,
  dictionaryToArray,
  toggle,
  slice,
} from '@rx-angular/cdk/transformations';

import { NgModule } from '@angular/core';
import { BrowserModule } from '@angular/platform-browser';
import { AppComponent } from './app.component';

@NgModule({
  declarations: [AppComponent],
  imports: [BrowserModule],
  providers: [RxState],
  bootstrap: [AppComponent],
})
export class AppModule {}
"
`;
